15:29:12 **** Incremental Build of configuration Debug for project uart_counter ****
make pre-build main-build 
a9-linaro-pre-build-step
' '
make: Nothing to be done for `main-build'.
15:42:27 **** Auto Build of configuration Debug for project uart_counter ****
make pre-build main-build 
a9-linaro-pre-build-step
' '
'Building file: ../src/counter.c'
'Invoking: ARM v7 gcc compiler'
arm-none-eabi-gcc -Wall -O0 -g3 -c -fmessage-length=0 -MT"src/counter.o" -mcpu=cortex-a9 -mfpu=vfpv3 -mfloat-abi=hard -I../../uart_counter_bsp/ps7_cortexa9_0/include -MMD -MP -MF"src/counter.d" -MT"src/counter.o" -o "src/counter.o" "../src/counter.c"
'Finished building: ../src/counter.c'
' '
'Building target: uart_counter.elf'
'Invoking: ARM v7 gcc linker'
arm-none-eabi-gcc -mcpu=cortex-a9 -mfpu=vfpv3 -mfloat-abi=hard -Wl,-build-id=none -specs=Xilinx.spec -Wl,-T -Wl,../src/lscript.ld -L../../uart_counter_bsp/ps7_cortexa9_0/lib -o "uart_counter.elf"  ./src/counter.o   -Wl,--start-group,-lxil,-lgcc,-lc,--end-group
'Finished building target: uart_counter.elf'
' '
'Invoking: ARM v7 Print Size'
arm-none-eabi-size uart_counter.elf  |tee "uart_counter.elf.size"
   text	   data	    bss	    dec	    hex	filename
  22212	   1144	  22568	  45924	   b364	uart_counter.elf
'Finished building: uart_counter.elf.size'
' '
15:44:37 **** Auto Build of configuration Debug for project uart_counter ****
make pre-build main-build 
a9-linaro-pre-build-step
' '
'Building file: ../src/counter.c'
'Invoking: ARM v7 gcc compiler'
arm-none-eabi-gcc -Wall -O0 -g3 -c -fmessage-length=0 -MT"src/counter.o" -mcpu=cortex-a9 -mfpu=vfpv3 -mfloat-abi=hard -I../../uart_counter_bsp/ps7_cortexa9_0/include -MMD -MP -MF"src/counter.d" -MT"src/counter.o" -o "src/counter.o" "../src/counter.c"
'Finished building: ../src/counter.c'
' '
'Building target: uart_counter.elf'
'Invoking: ARM v7 gcc linker'
arm-none-eabi-gcc -mcpu=cortex-a9 -mfpu=vfpv3 -mfloat-abi=hard -Wl,-build-id=none -specs=Xilinx.spec -Wl,-T -Wl,../src/lscript.ld -L../../uart_counter_bsp/ps7_cortexa9_0/lib -o "uart_counter.elf"  ./src/counter.o   -Wl,--start-group,-lxil,-lgcc,-lc,--end-group
'Finished building target: uart_counter.elf'
' '
'Invoking: ARM v7 Print Size'
arm-none-eabi-size uart_counter.elf  |tee "uart_counter.elf.size"
   text	   data	    bss	    dec	    hex	filename
  22212	   1144	  22568	  45924	   b364	uart_counter.elf
'Finished building: uart_counter.elf.size'
' '
15:45:20 **** Incremental Build of configuration Debug for project uart_counter ****
make pre-build main-build 
a9-linaro-pre-build-step
' '
make: Nothing to be done for `main-build'.
15:47:28 **** Auto Build of configuration Debug for project uart_counter ****
make pre-build main-build 
a9-linaro-pre-build-step
' '
'Building file: ../src/counter.c'
'Invoking: ARM v7 gcc compiler'
arm-none-eabi-gcc -Wall -O0 -g3 -c -fmessage-length=0 -MT"src/counter.o" -mcpu=cortex-a9 -mfpu=vfpv3 -mfloat-abi=hard -I../../uart_counter_bsp/ps7_cortexa9_0/include -MMD -MP -MF"src/counter.d" -MT"src/counter.o" -o "src/counter.o" "../src/counter.c"
'Finished building: ../src/counter.c'
' '
'Building target: uart_counter.elf'
'Invoking: ARM v7 gcc linker'
arm-none-eabi-gcc -mcpu=cortex-a9 -mfpu=vfpv3 -mfloat-abi=hard -Wl,-build-id=none -specs=Xilinx.spec -Wl,-T -Wl,../src/lscript.ld -L../../uart_counter_bsp/ps7_cortexa9_0/lib -o "uart_counter.elf"  ./src/counter.o   -Wl,--start-group,-lxil,-lgcc,-lc,--end-group
'Finished building target: uart_counter.elf'
' '
'Invoking: ARM v7 Print Size'
arm-none-eabi-size uart_counter.elf  |tee "uart_counter.elf.size"
   text	   data	    bss	    dec	    hex	filename
  22212	   1144	  22568	  45924	   b364	uart_counter.elf
'Finished building: uart_counter.elf.size'
' '
15:47:41 **** Incremental Build of configuration Debug for project uart_counter ****
make pre-build main-build 
a9-linaro-pre-build-step
' '
make: Nothing to be done for `main-build'.
15:50:27 **** Auto Build of configuration Debug for project uart_counter ****
make pre-build main-build 
a9-linaro-pre-build-step
' '
'Building file: ../src/counter.c'
'Invoking: ARM v7 gcc compiler'
arm-none-eabi-gcc -Wall -O0 -g3 -c -fmessage-length=0 -MT"src/counter.o" -mcpu=cortex-a9 -mfpu=vfpv3 -mfloat-abi=hard -I../../uart_counter_bsp/ps7_cortexa9_0/include -MMD -MP -MF"src/counter.d" -MT"src/counter.o" -o "src/counter.o" "../src/counter.c"
../src/counter.c: In function 'main':
../src/counter.c:30:2: warning: implicit declaration of function 'il_printf'; did you mean 'xil_printf'? [-Wimplicit-function-declaration]
  il_printf("\r\n> Counter started!\r\n");
  ^~~~~~~~~
  xil_printf
'Finished building: ../src/counter.c'
' '
'Building target: uart_counter.elf'
'Invoking: ARM v7 gcc linker'
arm-none-eabi-gcc -mcpu=cortex-a9 -mfpu=vfpv3 -mfloat-abi=hard -Wl,-build-id=none -specs=Xilinx.spec -Wl,-T -Wl,../src/lscript.ld -L../../uart_counter_bsp/ps7_cortexa9_0/lib -o "uart_counter.elf"  ./src/counter.o   -Wl,--start-group,-lxil,-lgcc,-lc,--end-group
./src/counter.o: In function `main':
C:\Users\chris\Documents\FPGA\TP_contador_uart\TP_counter_uart_ip\TP_counter_uart_ip\TP_counter_uart_ip.sdk\uart_counter\Debug/../src/counter.c:30: undefined reference to `il_printf'
collect2.exe: error: ld returned 1 exit status
make: *** [uart_counter.elf] Error 1
15:50:35 **** Auto Build of configuration Debug for project uart_counter ****
make pre-build main-build 
a9-linaro-pre-build-step
' '
'Building file: ../src/counter.c'
'Invoking: ARM v7 gcc compiler'
arm-none-eabi-gcc -Wall -O0 -g3 -c -fmessage-length=0 -MT"src/counter.o" -mcpu=cortex-a9 -mfpu=vfpv3 -mfloat-abi=hard -I../../uart_counter_bsp/ps7_cortexa9_0/include -MMD -MP -MF"src/counter.d" -MT"src/counter.o" -o "src/counter.o" "../src/counter.c"
'Finished building: ../src/counter.c'
' '
'Building target: uart_counter.elf'
'Invoking: ARM v7 gcc linker'
arm-none-eabi-gcc -mcpu=cortex-a9 -mfpu=vfpv3 -mfloat-abi=hard -Wl,-build-id=none -specs=Xilinx.spec -Wl,-T -Wl,../src/lscript.ld -L../../uart_counter_bsp/ps7_cortexa9_0/lib -o "uart_counter.elf"  ./src/counter.o   -Wl,--start-group,-lxil,-lgcc,-lc,--end-group
'Finished building target: uart_counter.elf'
' '
'Invoking: ARM v7 Print Size'
arm-none-eabi-size uart_counter.elf  |tee "uart_counter.elf.size"
   text	   data	    bss	    dec	    hex	filename
  22300	   1144	  22568	  46012	   b3bc	uart_counter.elf
'Finished building: uart_counter.elf.size'
' '
15:50:42 **** Incremental Build of configuration Debug for project uart_counter ****
make pre-build main-build 
a9-linaro-pre-build-step
' '
make: Nothing to be done for `main-build'.
15:52:04 **** Auto Build of configuration Debug for project uart_counter ****
make pre-build main-build 
a9-linaro-pre-build-step
' '
'Building file: ../src/counter.c'
'Invoking: ARM v7 gcc compiler'
arm-none-eabi-gcc -Wall -O0 -g3 -c -fmessage-length=0 -MT"src/counter.o" -mcpu=cortex-a9 -mfpu=vfpv3 -mfloat-abi=hard -I../../uart_counter_bsp/ps7_cortexa9_0/include -MMD -MP -MF"src/counter.d" -MT"src/counter.o" -o "src/counter.o" "../src/counter.c"
'Finished building: ../src/counter.c'
' '
'Building target: uart_counter.elf'
'Invoking: ARM v7 gcc linker'
arm-none-eabi-gcc -mcpu=cortex-a9 -mfpu=vfpv3 -mfloat-abi=hard -Wl,-build-id=none -specs=Xilinx.spec -Wl,-T -Wl,../src/lscript.ld -L../../uart_counter_bsp/ps7_cortexa9_0/lib -o "uart_counter.elf"  ./src/counter.o   -Wl,--start-group,-lxil,-lgcc,-lc,--end-group
'Finished building target: uart_counter.elf'
' '
'Invoking: ARM v7 Print Size'
arm-none-eabi-size uart_counter.elf  |tee "uart_counter.elf.size"
   text	   data	    bss	    dec	    hex	filename
  22300	   1144	  22568	  46012	   b3bc	uart_counter.elf
'Finished building: uart_counter.elf.size'
' '
15:52:12 **** Incremental Build of configuration Debug for project uart_counter ****
make pre-build main-build 
a9-linaro-pre-build-step
' '
make: Nothing to be done for `main-build'.
16:30:41 **** Auto Build of configuration Debug for project uart_counter ****
make pre-build main-build 
a9-linaro-pre-build-step
' '
'Building file: ../src/counter.c'
'Invoking: ARM v7 gcc compiler'
arm-none-eabi-gcc -Wall -O0 -g3 -c -fmessage-length=0 -MT"src/counter.o" -mcpu=cortex-a9 -mfpu=vfpv3 -mfloat-abi=hard -I../../uart_counter_bsp/ps7_cortexa9_0/include -MMD -MP -MF"src/counter.d" -MT"src/counter.o" -o "src/counter.o" "../src/counter.c"
../src/counter.c:12:9: error: #include expects "FILENAME" or <FILENAME>
 #include
         ^
../src/counter.c: In function 'main':
../src/counter.c:34:14: warning: implicit declaration of function 'XUartPs_RecvByte' [-Wimplicit-function-declaration]
  u8 rxByte = XUartPs_RecvByte(XPAR_PS7_UART_0_BASEADDR);
              ^~~~~~~~~~~~~~~~
make: *** [src/counter.o] Error 1
16:31:04 **** Incremental Build of configuration Debug for project uart_counter ****
make pre-build main-build 
a9-linaro-pre-build-step
' '
'Building file: ../src/counter.c'
'Invoking: ARM v7 gcc compiler'
arm-none-eabi-gcc -Wall -O0 -g3 -c -fmessage-length=0 -MT"src/counter.o" -mcpu=cortex-a9 -mfpu=vfpv3 -mfloat-abi=hard -I../../uart_counter_bsp/ps7_cortexa9_0/include -MMD -MP -MF"src/counter.d" -MT"src/counter.o" -o "src/counter.o" "../src/counter.c"
../src/counter.c:12:9: error: #include expects "FILENAME" or <FILENAME>
 #include
         ^
../src/counter.c: In function 'main':
../src/counter.c:34:14: warning: implicit declaration of function 'XUartPs_RecvByte' [-Wimplicit-function-declaration]
  u8 rxByte = XUartPs_RecvByte(XPAR_PS7_UART_0_BASEADDR);
              ^~~~~~~~~~~~~~~~
make: *** [src/counter.o] Error 1
16:32:49 **** Auto Build of configuration Debug for project uart_counter ****
make pre-build main-build 
a9-linaro-pre-build-step
' '
'Building file: ../src/counter.c'
'Invoking: ARM v7 gcc compiler'
arm-none-eabi-gcc -Wall -O0 -g3 -c -fmessage-length=0 -MT"src/counter.o" -mcpu=cortex-a9 -mfpu=vfpv3 -mfloat-abi=hard -I../../uart_counter_bsp/ps7_cortexa9_0/include -MMD -MP -MF"src/counter.d" -MT"src/counter.o" -o "src/counter.o" "../src/counter.c"
'Finished building: ../src/counter.c'
' '
'Building target: uart_counter.elf'
'Invoking: ARM v7 gcc linker'
arm-none-eabi-gcc -mcpu=cortex-a9 -mfpu=vfpv3 -mfloat-abi=hard -Wl,-build-id=none -specs=Xilinx.spec -Wl,-T -Wl,../src/lscript.ld -L../../uart_counter_bsp/ps7_cortexa9_0/lib -o "uart_counter.elf"  ./src/counter.o   -Wl,--start-group,-lxil,-lgcc,-lc,--end-group
'Finished building target: uart_counter.elf'
' '
'Invoking: ARM v7 Print Size'
arm-none-eabi-size uart_counter.elf  |tee "uart_counter.elf.size"
   text	   data	    bss	    dec	    hex	filename
  22396	   1144	  22568	  46108	   b41c	uart_counter.elf
'Finished building: uart_counter.elf.size'
' '
16:32:57 **** Incremental Build of configuration Debug for project uart_counter ****
make pre-build main-build 
a9-linaro-pre-build-step
' '
make: Nothing to be done for `main-build'.
16:35:16 **** Auto Build of configuration Debug for project uart_counter ****
make pre-build main-build 
a9-linaro-pre-build-step
' '
'Building file: ../src/counter.c'
'Invoking: ARM v7 gcc compiler'
arm-none-eabi-gcc -Wall -O0 -g3 -c -fmessage-length=0 -MT"src/counter.o" -mcpu=cortex-a9 -mfpu=vfpv3 -mfloat-abi=hard -I../../uart_counter_bsp/ps7_cortexa9_0/include -MMD -MP -MF"src/counter.d" -MT"src/counter.o" -o "src/counter.o" "../src/counter.c"
'Finished building: ../src/counter.c'
' '
'Building target: uart_counter.elf'
'Invoking: ARM v7 gcc linker'
arm-none-eabi-gcc -mcpu=cortex-a9 -mfpu=vfpv3 -mfloat-abi=hard -Wl,-build-id=none -specs=Xilinx.spec -Wl,-T -Wl,../src/lscript.ld -L../../uart_counter_bsp/ps7_cortexa9_0/lib -o "uart_counter.elf"  ./src/counter.o   -Wl,--start-group,-lxil,-lgcc,-lc,--end-group
'Finished building target: uart_counter.elf'
' '
'Invoking: ARM v7 Print Size'
arm-none-eabi-size uart_counter.elf  |tee "uart_counter.elf.size"
   text	   data	    bss	    dec	    hex	filename
  22396	   1144	  22568	  46108	   b41c	uart_counter.elf
'Finished building: uart_counter.elf.size'
' '
16:35:28 **** Incremental Build of configuration Debug for project uart_counter ****
make pre-build main-build 
a9-linaro-pre-build-step
' '
make: Nothing to be done for `main-build'.
16:51:07 **** Auto Build of configuration Debug for project uart_counter ****
make pre-build main-build 
a9-linaro-pre-build-step
' '
'Building file: ../src/counter.c'
'Invoking: ARM v7 gcc compiler'
arm-none-eabi-gcc -Wall -O0 -g3 -c -fmessage-length=0 -MT"src/counter.o" -mcpu=cortex-a9 -mfpu=vfpv3 -mfloat-abi=hard -I../../uart_counter_bsp/ps7_cortexa9_0/include -MMD -MP -MF"src/counter.d" -MT"src/counter.o" -o "src/counter.o" "../src/counter.c"
../src/counter.c: In function 'main':
../src/counter.c:39:5: error: redefinition of 'rxByte'
  u8 rxByte = XUartPs_RecvByte(XPAR_PS7_UART_0_BASEADDR);
     ^~~~~~
../src/counter.c:19:5: note: previous definition of 'rxByte' was here
  u8 rxByte = '\0'; // buffer para recibir byte por UART
     ^~~~~~
../src/counter.c:48:27: error: expected expression before ')' token
   process_command(rxByte, )
                           ^
../src/counter.c:20:7: warning: unused variable 'textBuffer' [-Wunused-variable]
  char textBuffer[30] = {'\0'}; // buffer para cargar el texto descriptivo del comando recibido
       ^~~~~~~~~~
make: *** [src/counter.o] Error 1
16:51:30 **** Auto Build of configuration Debug for project uart_counter ****
make pre-build main-build 
a9-linaro-pre-build-step
' '
'Building file: ../src/counter.c'
'Invoking: ARM v7 gcc compiler'
arm-none-eabi-gcc -Wall -O0 -g3 -c -fmessage-length=0 -MT"src/counter.o" -mcpu=cortex-a9 -mfpu=vfpv3 -mfloat-abi=hard -I../../uart_counter_bsp/ps7_cortexa9_0/include -MMD -MP -MF"src/counter.d" -MT"src/counter.o" -o "src/counter.o" "../src/counter.c"
../src/counter.c: In function 'main':
../src/counter.c:39:5: error: redefinition of 'rxByte'
  u8 rxByte = XUartPs_RecvByte(XPAR_PS7_UART_0_BASEADDR);
     ^~~~~~
../src/counter.c:19:5: note: previous definition of 'rxByte' was here
  u8 rxByte = '\0'; // buffer para recibir byte por UART
     ^~~~~~
../src/counter.c:48:27: warning: passing argument 2 of 'process_command' from incompatible pointer type [-Wincompatible-pointer-types]
   process_command(rxByte, &textBuffer);
                           ^
../src/counter.c:16:6: note: expected 'char *' but argument is of type 'char (*)[30]'
 void process_command(u8 command, char * text);
      ^~~~~~~~~~~~~~~
make: *** [src/counter.o] Error 1
16:51:40 **** Auto Build of configuration Debug for project uart_counter ****
make pre-build main-build 
a9-linaro-pre-build-step
' '
'Building file: ../src/counter.c'
'Invoking: ARM v7 gcc compiler'
arm-none-eabi-gcc -Wall -O0 -g3 -c -fmessage-length=0 -MT"src/counter.o" -mcpu=cortex-a9 -mfpu=vfpv3 -mfloat-abi=hard -I../../uart_counter_bsp/ps7_cortexa9_0/include -MMD -MP -MF"src/counter.d" -MT"src/counter.o" -o "src/counter.o" "../src/counter.c"
../src/counter.c: In function 'main':
../src/counter.c:48:27: warning: passing argument 2 of 'process_command' from incompatible pointer type [-Wincompatible-pointer-types]
   process_command(rxByte, &textBuffer);
                           ^
../src/counter.c:16:6: note: expected 'char *' but argument is of type 'char (*)[30]'
 void process_command(u8 command, char * text);
      ^~~~~~~~~~~~~~~
'Finished building: ../src/counter.c'
' '
'Building target: uart_counter.elf'
'Invoking: ARM v7 gcc linker'
arm-none-eabi-gcc -mcpu=cortex-a9 -mfpu=vfpv3 -mfloat-abi=hard -Wl,-build-id=none -specs=Xilinx.spec -Wl,-T -Wl,../src/lscript.ld -L../../uart_counter_bsp/ps7_cortexa9_0/lib -o "uart_counter.elf"  ./src/counter.o   -Wl,--start-group,-lxil,-lgcc,-lc,--end-group
'Finished building target: uart_counter.elf'
' '
'Invoking: ARM v7 Print Size'
arm-none-eabi-size uart_counter.elf  |tee "uart_counter.elf.size"
   text	   data	    bss	    dec	    hex	filename
  23088	   1144	  22568	  46800	   b6d0	uart_counter.elf
'Finished building: uart_counter.elf.size'
' '
16:54:02 **** Incremental Build of configuration Debug for project uart_counter ****
make pre-build main-build 
a9-linaro-pre-build-step
' '
'Building file: ../src/counter.c'
'Invoking: ARM v7 gcc compiler'
arm-none-eabi-gcc -Wall -O0 -g3 -c -fmessage-length=0 -MT"src/counter.o" -mcpu=cortex-a9 -mfpu=vfpv3 -mfloat-abi=hard -I../../uart_counter_bsp/ps7_cortexa9_0/include -MMD -MP -MF"src/counter.d" -MT"src/counter.o" -o "src/counter.o" "../src/counter.c"
../src/counter.c: In function 'main':
../src/counter.c:51:27: warning: passing argument 2 of 'process_command' from incompatible pointer type [-Wincompatible-pointer-types]
   process_command(rxByte, &textBuffer);
                           ^
../src/counter.c:16:6: note: expected 'char *' but argument is of type 'char (*)[30]'
 void process_command(u8 command, char * text);
      ^~~~~~~~~~~~~~~
'Finished building: ../src/counter.c'
' '
'Building target: uart_counter.elf'
'Invoking: ARM v7 gcc linker'
arm-none-eabi-gcc -mcpu=cortex-a9 -mfpu=vfpv3 -mfloat-abi=hard -Wl,-build-id=none -specs=Xilinx.spec -Wl,-T -Wl,../src/lscript.ld -L../../uart_counter_bsp/ps7_cortexa9_0/lib -o "uart_counter.elf"  ./src/counter.o   -Wl,--start-group,-lxil,-lgcc,-lc,--end-group
'Finished building target: uart_counter.elf'
' '
'Invoking: ARM v7 Print Size'
arm-none-eabi-size uart_counter.elf  |tee "uart_counter.elf.size"
   text	   data	    bss	    dec	    hex	filename
  22996	   1144	  22568	  46708	   b674	uart_counter.elf
'Finished building: uart_counter.elf.size'
' '
16:54:28 **** Incremental Build of configuration Debug for project uart_counter ****
make pre-build main-build 
a9-linaro-pre-build-step
' '
make: Nothing to be done for `main-build'.
16:57:28 **** Auto Build of configuration Debug for project uart_counter ****
make pre-build main-build 
a9-linaro-pre-build-step
' '
'Building file: ../src/counter.c'
'Invoking: ARM v7 gcc compiler'
arm-none-eabi-gcc -Wall -O0 -g3 -c -fmessage-length=0 -MT"src/counter.o" -mcpu=cortex-a9 -mfpu=vfpv3 -mfloat-abi=hard -I../../uart_counter_bsp/ps7_cortexa9_0/include -MMD -MP -MF"src/counter.d" -MT"src/counter.o" -o "src/counter.o" "../src/counter.c"
../src/counter.c: In function 'main':
../src/counter.c:51:27: warning: passing argument 2 of 'process_command' from incompatible pointer type [-Wincompatible-pointer-types]
   process_command(rxByte, &textBuffer);
                           ^
../src/counter.c:16:6: note: expected 'char *' but argument is of type 'char (*)[30]'
 void process_command(u8 command, char * text);
      ^~~~~~~~~~~~~~~
../src/counter.c: In function 'process_command':
../src/counter.c:65:8: warning: assignment makes integer from pointer without a cast [-Wint-conversion]
  *text = "Comando desconodido";
        ^
../src/counter.c:69:9: warning: assignment makes integer from pointer without a cast [-Wint-conversion]
   *text = "Cuenta ascendente";
         ^
../src/counter.c:72:9: warning: assignment makes integer from pointer without a cast [-Wint-conversion]
   *text = "Cuenta descendente";
         ^
../src/counter.c:75:9: warning: assignment makes integer from pointer without a cast [-Wint-conversion]
   *text = "Reset a 0";
         ^
../src/counter.c:78:9: warning: assignment makes integer from pointer without a cast [-Wint-conversion]
   *text = "Contador pausado";
         ^
'Finished building: ../src/counter.c'
' '
'Building target: uart_counter.elf'
'Invoking: ARM v7 gcc linker'
arm-none-eabi-gcc -mcpu=cortex-a9 -mfpu=vfpv3 -mfloat-abi=hard -Wl,-build-id=none -specs=Xilinx.spec -Wl,-T -Wl,../src/lscript.ld -L../../uart_counter_bsp/ps7_cortexa9_0/lib -o "uart_counter.elf"  ./src/counter.o   -Wl,--start-group,-lxil,-lgcc,-lc,--end-group
'Finished building target: uart_counter.elf'
' '
'Invoking: ARM v7 Print Size'
arm-none-eabi-size uart_counter.elf  |tee "uart_counter.elf.size"
   text	   data	    bss	    dec	    hex	filename
  23060	   1144	  22568	  46772	   b6b4	uart_counter.elf
'Finished building: uart_counter.elf.size'
' '
16:57:43 **** Incremental Build of configuration Debug for project uart_counter ****
make pre-build main-build 
a9-linaro-pre-build-step
' '
make: Nothing to be done for `main-build'.
16:59:04 **** Auto Build of configuration Debug for project uart_counter ****
make pre-build main-build 
a9-linaro-pre-build-step
' '
'Building file: ../src/counter.c'
'Invoking: ARM v7 gcc compiler'
arm-none-eabi-gcc -Wall -O0 -g3 -c -fmessage-length=0 -MT"src/counter.o" -mcpu=cortex-a9 -mfpu=vfpv3 -mfloat-abi=hard -I../../uart_counter_bsp/ps7_cortexa9_0/include -MMD -MP -MF"src/counter.d" -MT"src/counter.o" -o "src/counter.o" "../src/counter.c"
../src/counter.c: In function 'process_command':
../src/counter.c:65:8: warning: assignment makes integer from pointer without a cast [-Wint-conversion]
  *text = "Comando desconodido";
        ^
../src/counter.c:69:9: warning: assignment makes integer from pointer without a cast [-Wint-conversion]
   *text = "Cuenta ascendente";
         ^
../src/counter.c:72:9: warning: assignment makes integer from pointer without a cast [-Wint-conversion]
   *text = "Cuenta descendente";
         ^
../src/counter.c:75:9: warning: assignment makes integer from pointer without a cast [-Wint-conversion]
   *text = "Reset a 0";
         ^
../src/counter.c:78:9: warning: assignment makes integer from pointer without a cast [-Wint-conversion]
   *text = "Contador pausado";
         ^
../src/counter.c: In function 'main':
../src/counter.c:51:3: warning: 'textBuffer' is used uninitialized in this function [-Wuninitialized]
   process_command(rxByte, textBuffer);
   ^~~~~~~~~~~~~~~~~~~~~~~~~~~~~~~~~~~
'Finished building: ../src/counter.c'
' '
'Building target: uart_counter.elf'
'Invoking: ARM v7 gcc linker'
arm-none-eabi-gcc -mcpu=cortex-a9 -mfpu=vfpv3 -mfloat-abi=hard -Wl,-build-id=none -specs=Xilinx.spec -Wl,-T -Wl,../src/lscript.ld -L../../uart_counter_bsp/ps7_cortexa9_0/lib -o "uart_counter.elf"  ./src/counter.o   -Wl,--start-group,-lxil,-lgcc,-lc,--end-group
'Finished building target: uart_counter.elf'
' '
'Invoking: ARM v7 Print Size'
arm-none-eabi-size uart_counter.elf  |tee "uart_counter.elf.size"
   text	   data	    bss	    dec	    hex	filename
  22740	   1144	  22568	  46452	   b574	uart_counter.elf
'Finished building: uart_counter.elf.size'
' '
16:59:08 **** Incremental Build of configuration Debug for project uart_counter ****
make pre-build main-build 
a9-linaro-pre-build-step
' '
make: Nothing to be done for `main-build'.
17:02:34 **** Auto Build of configuration Debug for project uart_counter ****
make pre-build main-build 
a9-linaro-pre-build-step
' '
'Building file: ../src/counter.c'
'Invoking: ARM v7 gcc compiler'
arm-none-eabi-gcc -Wall -O0 -g3 -c -fmessage-length=0 -MT"src/counter.o" -mcpu=cortex-a9 -mfpu=vfpv3 -mfloat-abi=hard -I../../uart_counter_bsp/ps7_cortexa9_0/include -MMD -MP -MF"src/counter.d" -MT"src/counter.o" -o "src/counter.o" "../src/counter.c"
'Finished building: ../src/counter.c'
' '
'Building target: uart_counter.elf'
'Invoking: ARM v7 gcc linker'
arm-none-eabi-gcc -mcpu=cortex-a9 -mfpu=vfpv3 -mfloat-abi=hard -Wl,-build-id=none -specs=Xilinx.spec -Wl,-T -Wl,../src/lscript.ld -L../../uart_counter_bsp/ps7_cortexa9_0/lib -o "uart_counter.elf"  ./src/counter.o   -Wl,--start-group,-lxil,-lgcc,-lc,--end-group
'Finished building target: uart_counter.elf'
' '
'Invoking: ARM v7 Print Size'
arm-none-eabi-size uart_counter.elf  |tee "uart_counter.elf.size"
   text	   data	    bss	    dec	    hex	filename
  22740	   1144	  22568	  46452	   b574	uart_counter.elf
'Finished building: uart_counter.elf.size'
' '
17:02:42 **** Auto Build of configuration Debug for project uart_counter ****
make pre-build main-build 
a9-linaro-pre-build-step
' '
'Building file: ../src/counter.c'
'Invoking: ARM v7 gcc compiler'
arm-none-eabi-gcc -Wall -O0 -g3 -c -fmessage-length=0 -MT"src/counter.o" -mcpu=cortex-a9 -mfpu=vfpv3 -mfloat-abi=hard -I../../uart_counter_bsp/ps7_cortexa9_0/include -MMD -MP -MF"src/counter.d" -MT"src/counter.o" -o "src/counter.o" "../src/counter.c"
'Finished building: ../src/counter.c'
' '
'Building target: uart_counter.elf'
'Invoking: ARM v7 gcc linker'
arm-none-eabi-gcc -mcpu=cortex-a9 -mfpu=vfpv3 -mfloat-abi=hard -Wl,-build-id=none -specs=Xilinx.spec -Wl,-T -Wl,../src/lscript.ld -L../../uart_counter_bsp/ps7_cortexa9_0/lib -o "uart_counter.elf"  ./src/counter.o   -Wl,--start-group,-lxil,-lgcc,-lc,--end-group
'Finished building target: uart_counter.elf'
' '
'Invoking: ARM v7 Print Size'
arm-none-eabi-size uart_counter.elf  |tee "uart_counter.elf.size"
   text	   data	    bss	    dec	    hex	filename
  22740	   1144	  22568	  46452	   b574	uart_counter.elf
'Finished building: uart_counter.elf.size'
' '
17:02:45 **** Incremental Build of configuration Debug for project uart_counter ****
make pre-build main-build 
a9-linaro-pre-build-step
' '
make: Nothing to be done for `main-build'.
17:03:18 **** Incremental Build of configuration Debug for project uart_counter ****
make pre-build main-build 
a9-linaro-pre-build-step
' '
make: Nothing to be done for `main-build'.
17:25:17 **** Auto Build of configuration Debug for project uart_counter ****
make pre-build main-build 
a9-linaro-pre-build-step
' '
'Building file: ../src/counter.c'
'Invoking: ARM v7 gcc compiler'
arm-none-eabi-gcc -Wall -O0 -g3 -c -fmessage-length=0 -MT"src/counter.o" -mcpu=cortex-a9 -mfpu=vfpv3 -mfloat-abi=hard -I../../uart_counter_bsp/ps7_cortexa9_0/include -MMD -MP -MF"src/counter.d" -MT"src/counter.o" -o "src/counter.o" "../src/counter.c"
../src/counter.c: In function 'main':
../src/counter.c:52:3: error: too few arguments to function 'process_command'
   process_command(rxByte); // imprimir descripcion del comando
   ^~~~~~~~~~~~~~~
../src/counter.c:16:6: note: declared here
 void process_command(u8 command, char * text);
      ^~~~~~~~~~~~~~~
../src/counter.c:23:7: warning: unused variable 'textBuffer' [-Wunused-variable]
  char textBuffer[30]; // buffer para cargar el texto descriptivo del comando recibido
       ^~~~~~~~~~
../src/counter.c: At top level:
../src/counter.c:64:6: error: conflicting types for 'process_command'
 void process_command(u8 command){
      ^~~~~~~~~~~~~~~
../src/counter.c:16:6: note: previous declaration of 'process_command' was here
 void process_command(u8 command, char * text);
      ^~~~~~~~~~~~~~~
make: *** [src/counter.o] Error 1
17:25:36 **** Auto Build of configuration Debug for project uart_counter ****
make pre-build main-build 
a9-linaro-pre-build-step
' '
'Building file: ../src/counter.c'
'Invoking: ARM v7 gcc compiler'
arm-none-eabi-gcc -Wall -O0 -g3 -c -fmessage-length=0 -MT"src/counter.o" -mcpu=cortex-a9 -mfpu=vfpv3 -mfloat-abi=hard -I../../uart_counter_bsp/ps7_cortexa9_0/include -MMD -MP -MF"src/counter.d" -MT"src/counter.o" -o "src/counter.o" "../src/counter.c"
../src/counter.c: In function 'main':
../src/counter.c:23:7: warning: unused variable 'textBuffer' [-Wunused-variable]
  char textBuffer[30]; // buffer para cargar el texto descriptivo del comando recibido
       ^~~~~~~~~~
'Finished building: ../src/counter.c'
' '
'Building target: uart_counter.elf'
'Invoking: ARM v7 gcc linker'
arm-none-eabi-gcc -mcpu=cortex-a9 -mfpu=vfpv3 -mfloat-abi=hard -Wl,-build-id=none -specs=Xilinx.spec -Wl,-T -Wl,../src/lscript.ld -L../../uart_counter_bsp/ps7_cortexa9_0/lib -o "uart_counter.elf"  ./src/counter.o   -Wl,--start-group,-lxil,-lgcc,-lc,--end-group
'Finished building target: uart_counter.elf'
' '
'Invoking: ARM v7 Print Size'
arm-none-eabi-size uart_counter.elf  |tee "uart_counter.elf.size"
   text	   data	    bss	    dec	    hex	filename
  22736	   1144	  22568	  46448	   b570	uart_counter.elf
'Finished building: uart_counter.elf.size'
' '
17:26:56 **** Incremental Build of configuration Debug for project uart_counter ****
make pre-build main-build 
a9-linaro-pre-build-step
' '
make: Nothing to be done for `main-build'.
17:28:39 **** Auto Build of configuration Debug for project uart_counter ****
make pre-build main-build 
a9-linaro-pre-build-step
' '
'Building file: ../src/counter.c'
'Invoking: ARM v7 gcc compiler'
arm-none-eabi-gcc -Wall -O0 -g3 -c -fmessage-length=0 -MT"src/counter.o" -mcpu=cortex-a9 -mfpu=vfpv3 -mfloat-abi=hard -I../../uart_counter_bsp/ps7_cortexa9_0/include -MMD -MP -MF"src/counter.d" -MT"src/counter.o" -o "src/counter.o" "../src/counter.c"
../src/counter.c: In function 'main':
../src/counter.c:23:7: warning: unused variable 'textBuffer' [-Wunused-variable]
  char textBuffer[30]; // buffer para cargar el texto descriptivo del comando recibido
       ^~~~~~~~~~
'Finished building: ../src/counter.c'
' '
'Building target: uart_counter.elf'
'Invoking: ARM v7 gcc linker'
arm-none-eabi-gcc -mcpu=cortex-a9 -mfpu=vfpv3 -mfloat-abi=hard -Wl,-build-id=none -specs=Xilinx.spec -Wl,-T -Wl,../src/lscript.ld -L../../uart_counter_bsp/ps7_cortexa9_0/lib -o "uart_counter.elf"  ./src/counter.o   -Wl,--start-group,-lxil,-lgcc,-lc,--end-group
'Finished building target: uart_counter.elf'
' '
'Invoking: ARM v7 Print Size'
arm-none-eabi-size uart_counter.elf  |tee "uart_counter.elf.size"
   text	   data	    bss	    dec	    hex	filename
  22752	   1144	  22568	  46464	   b580	uart_counter.elf
'Finished building: uart_counter.elf.size'
' '
17:38:13 **** Auto Build of configuration Debug for project uart_counter ****
make pre-build main-build 
a9-linaro-pre-build-step
' '
'Building file: ../src/counter.c'
'Invoking: ARM v7 gcc compiler'
arm-none-eabi-gcc -Wall -O0 -g3 -c -fmessage-length=0 -MT"src/counter.o" -mcpu=cortex-a9 -mfpu=vfpv3 -mfloat-abi=hard -I../../uart_counter_bsp/ps7_cortexa9_0/include -MMD -MP -MF"src/counter.d" -MT"src/counter.o" -o "src/counter.o" "../src/counter.c"
../src/counter.c: In function 'main':
../src/counter.c:28:7: warning: unused variable 'textBuffer' [-Wunused-variable]
  char textBuffer[30]; // buffer para cargar el texto descriptivo del comando recibido
       ^~~~~~~~~~
In file included from ../src/counter.c:8:0:
../src/counter.c: In function 'process_command':
../src/counter.c:97:106: error: 'command' undeclared (first use in this function); did you mean 'comand'?
  UART_COUNTER_IP_mWriteReg(XPAR_UART_COUNTER_IP_0_S_AXI_BASEADDR, UART_COUNTER_IP_S_AXI_SLV_REG0_OFFSET, command);
                                                                                                          ^
../../uart_counter_bsp/ps7_cortexa9_0/include/uart_counter_ip.h:35:49: note: in definition of macro 'UART_COUNTER_IP_mWriteReg'
    Xil_Out32((BaseAddress) + (RegOffset), (u32)(Data))
                                                 ^~~~
../src/counter.c:97:106: note: each undeclared identifier is reported only once for each function it appears in
  UART_COUNTER_IP_mWriteReg(XPAR_UART_COUNTER_IP_0_S_AXI_BASEADDR, UART_COUNTER_IP_S_AXI_SLV_REG0_OFFSET, command);
                                                                                                          ^
../../uart_counter_bsp/ps7_cortexa9_0/include/uart_counter_ip.h:35:49: note: in definition of macro 'UART_COUNTER_IP_mWriteReg'
    Xil_Out32((BaseAddress) + (RegOffset), (u32)(Data))
                                                 ^~~~
make: *** [src/counter.o] Error 1
17:38:48 **** Auto Build of configuration Debug for project uart_counter ****
make pre-build main-build 
a9-linaro-pre-build-step
' '
'Building file: ../src/counter.c'
'Invoking: ARM v7 gcc compiler'
arm-none-eabi-gcc -Wall -O0 -g3 -c -fmessage-length=0 -MT"src/counter.o" -mcpu=cortex-a9 -mfpu=vfpv3 -mfloat-abi=hard -I../../uart_counter_bsp/ps7_cortexa9_0/include -MMD -MP -MF"src/counter.d" -MT"src/counter.o" -o "src/counter.o" "../src/counter.c"
'Finished building: ../src/counter.c'
' '
'Building target: uart_counter.elf'
'Invoking: ARM v7 gcc linker'
arm-none-eabi-gcc -mcpu=cortex-a9 -mfpu=vfpv3 -mfloat-abi=hard -Wl,-build-id=none -specs=Xilinx.spec -Wl,-T -Wl,../src/lscript.ld -L../../uart_counter_bsp/ps7_cortexa9_0/lib -o "uart_counter.elf"  ./src/counter.o   -Wl,--start-group,-lxil,-lgcc,-lc,--end-group
'Finished building target: uart_counter.elf'
' '
'Invoking: ARM v7 Print Size'
arm-none-eabi-size uart_counter.elf  |tee "uart_counter.elf.size"
   text	   data	    bss	    dec	    hex	filename
  22732	   1144	  22568	  46444	   b56c	uart_counter.elf
'Finished building: uart_counter.elf.size'
' '
17:39:20 **** Incremental Build of configuration Debug for project uart_counter ****
make pre-build main-build 
a9-linaro-pre-build-step
' '
make: Nothing to be done for `main-build'.
17:40:37 **** Incremental Build of configuration Debug for project uart_counter ****
make pre-build main-build 
a9-linaro-pre-build-step
' '
make: Nothing to be done for `main-build'.
17:44:45 **** Auto Build of configuration Debug for project uart_counter ****
make pre-build main-build 
a9-linaro-pre-build-step
' '
'Building file: ../src/counter.c'
'Invoking: ARM v7 gcc compiler'
arm-none-eabi-gcc -Wall -O0 -g3 -c -fmessage-length=0 -MT"src/counter.o" -mcpu=cortex-a9 -mfpu=vfpv3 -mfloat-abi=hard -I../../uart_counter_bsp/ps7_cortexa9_0/include -MMD -MP -MF"src/counter.d" -MT"src/counter.o" -o "src/counter.o" "../src/counter.c"
'Finished building: ../src/counter.c'
' '
'Building target: uart_counter.elf'
'Invoking: ARM v7 gcc linker'
arm-none-eabi-gcc -mcpu=cortex-a9 -mfpu=vfpv3 -mfloat-abi=hard -Wl,-build-id=none -specs=Xilinx.spec -Wl,-T -Wl,../src/lscript.ld -L../../uart_counter_bsp/ps7_cortexa9_0/lib -o "uart_counter.elf"  ./src/counter.o   -Wl,--start-group,-lxil,-lgcc,-lc,--end-group
'Finished building target: uart_counter.elf'
' '
'Invoking: ARM v7 Print Size'
arm-none-eabi-size uart_counter.elf  |tee "uart_counter.elf.size"
   text	   data	    bss	    dec	    hex	filename
  22872	   1144	  22568	  46584	   b5f8	uart_counter.elf
'Finished building: uart_counter.elf.size'
' '
17:44:50 **** Incremental Build of configuration Debug for project uart_counter ****
make pre-build main-build 
a9-linaro-pre-build-step
' '
make: Nothing to be done for `main-build'.
17:45:41 **** Auto Build of configuration Debug for project uart_counter ****
make pre-build main-build 
a9-linaro-pre-build-step
' '
'Building file: ../src/counter.c'
'Invoking: ARM v7 gcc compiler'
arm-none-eabi-gcc -Wall -O0 -g3 -c -fmessage-length=0 -MT"src/counter.o" -mcpu=cortex-a9 -mfpu=vfpv3 -mfloat-abi=hard -I../../uart_counter_bsp/ps7_cortexa9_0/include -MMD -MP -MF"src/counter.d" -MT"src/counter.o" -o "src/counter.o" "../src/counter.c"
'Finished building: ../src/counter.c'
' '
'Building target: uart_counter.elf'
'Invoking: ARM v7 gcc linker'
arm-none-eabi-gcc -mcpu=cortex-a9 -mfpu=vfpv3 -mfloat-abi=hard -Wl,-build-id=none -specs=Xilinx.spec -Wl,-T -Wl,../src/lscript.ld -L../../uart_counter_bsp/ps7_cortexa9_0/lib -o "uart_counter.elf"  ./src/counter.o   -Wl,--start-group,-lxil,-lgcc,-lc,--end-group
'Finished building target: uart_counter.elf'
' '
'Invoking: ARM v7 Print Size'
arm-none-eabi-size uart_counter.elf  |tee "uart_counter.elf.size"
   text	   data	    bss	    dec	    hex	filename
  22872	   1144	  22568	  46584	   b5f8	uart_counter.elf
'Finished building: uart_counter.elf.size'
' '
17:45:42 **** Incremental Build of configuration Debug for project uart_counter ****
make pre-build main-build 
a9-linaro-pre-build-step
' '
make: Nothing to be done for `main-build'.
17:48:47 **** Auto Build of configuration Debug for project uart_counter ****
make pre-build main-build 
a9-linaro-pre-build-step
' '
'Building file: ../src/counter.c'
'Invoking: ARM v7 gcc compiler'
arm-none-eabi-gcc -Wall -O0 -g3 -c -fmessage-length=0 -MT"src/counter.o" -mcpu=cortex-a9 -mfpu=vfpv3 -mfloat-abi=hard -I../../uart_counter_bsp/ps7_cortexa9_0/include -MMD -MP -MF"src/counter.d" -MT"src/counter.o" -o "src/counter.o" "../src/counter.c"
'Finished building: ../src/counter.c'
' '
'Building target: uart_counter.elf'
'Invoking: ARM v7 gcc linker'
arm-none-eabi-gcc -mcpu=cortex-a9 -mfpu=vfpv3 -mfloat-abi=hard -Wl,-build-id=none -specs=Xilinx.spec -Wl,-T -Wl,../src/lscript.ld -L../../uart_counter_bsp/ps7_cortexa9_0/lib -o "uart_counter.elf"  ./src/counter.o   -Wl,--start-group,-lxil,-lgcc,-lc,--end-group
'Finished building target: uart_counter.elf'
' '
'Invoking: ARM v7 Print Size'
arm-none-eabi-size uart_counter.elf  |tee "uart_counter.elf.size"
   text	   data	    bss	    dec	    hex	filename
  22916	   1144	  22568	  46628	   b624	uart_counter.elf
'Finished building: uart_counter.elf.size'
' '
17:48:53 **** Incremental Build of configuration Debug for project uart_counter ****
make pre-build main-build 
a9-linaro-pre-build-step
' '
make: Nothing to be done for `main-build'.
17:49:20 **** Auto Build of configuration Debug for project uart_counter ****
make pre-build main-build 
a9-linaro-pre-build-step
' '
'Building file: ../src/counter.c'
'Invoking: ARM v7 gcc compiler'
arm-none-eabi-gcc -Wall -O0 -g3 -c -fmessage-length=0 -MT"src/counter.o" -mcpu=cortex-a9 -mfpu=vfpv3 -mfloat-abi=hard -I../../uart_counter_bsp/ps7_cortexa9_0/include -MMD -MP -MF"src/counter.d" -MT"src/counter.o" -o "src/counter.o" "../src/counter.c"
'Finished building: ../src/counter.c'
' '
'Building target: uart_counter.elf'
'Invoking: ARM v7 gcc linker'
arm-none-eabi-gcc -mcpu=cortex-a9 -mfpu=vfpv3 -mfloat-abi=hard -Wl,-build-id=none -specs=Xilinx.spec -Wl,-T -Wl,../src/lscript.ld -L../../uart_counter_bsp/ps7_cortexa9_0/lib -o "uart_counter.elf"  ./src/counter.o   -Wl,--start-group,-lxil,-lgcc,-lc,--end-group
'Finished building target: uart_counter.elf'
' '
'Invoking: ARM v7 Print Size'
arm-none-eabi-size uart_counter.elf  |tee "uart_counter.elf.size"
   text	   data	    bss	    dec	    hex	filename
  22904	   1144	  22568	  46616	   b618	uart_counter.elf
'Finished building: uart_counter.elf.size'
' '
17:49:48 **** Auto Build of configuration Debug for project uart_counter ****
make pre-build main-build 
a9-linaro-pre-build-step
' '
'Building file: ../src/counter.c'
'Invoking: ARM v7 gcc compiler'
arm-none-eabi-gcc -Wall -O0 -g3 -c -fmessage-length=0 -MT"src/counter.o" -mcpu=cortex-a9 -mfpu=vfpv3 -mfloat-abi=hard -I../../uart_counter_bsp/ps7_cortexa9_0/include -MMD -MP -MF"src/counter.d" -MT"src/counter.o" -o "src/counter.o" "../src/counter.c"
'Finished building: ../src/counter.c'
' '
'Building target: uart_counter.elf'
'Invoking: ARM v7 gcc linker'
arm-none-eabi-gcc -mcpu=cortex-a9 -mfpu=vfpv3 -mfloat-abi=hard -Wl,-build-id=none -specs=Xilinx.spec -Wl,-T -Wl,../src/lscript.ld -L../../uart_counter_bsp/ps7_cortexa9_0/lib -o "uart_counter.elf"  ./src/counter.o   -Wl,--start-group,-lxil,-lgcc,-lc,--end-group
'Finished building target: uart_counter.elf'
' '
'Invoking: ARM v7 Print Size'
arm-none-eabi-size uart_counter.elf  |tee "uart_counter.elf.size"
   text	   data	    bss	    dec	    hex	filename
  22912	   1144	  22568	  46624	   b620	uart_counter.elf
'Finished building: uart_counter.elf.size'
' '
17:50:12 **** Incremental Build of configuration Debug for project uart_counter ****
make pre-build main-build 
a9-linaro-pre-build-step
' '
make: Nothing to be done for `main-build'.
17:53:46 **** Auto Build of configuration Debug for project uart_counter ****
make pre-build main-build 
a9-linaro-pre-build-step
' '
'Building file: ../src/counter.c'
'Invoking: ARM v7 gcc compiler'
arm-none-eabi-gcc -Wall -O0 -g3 -c -fmessage-length=0 -MT"src/counter.o" -mcpu=cortex-a9 -mfpu=vfpv3 -mfloat-abi=hard -I../../uart_counter_bsp/ps7_cortexa9_0/include -MMD -MP -MF"src/counter.d" -MT"src/counter.o" -o "src/counter.o" "../src/counter.c"
'Finished building: ../src/counter.c'
' '
'Building target: uart_counter.elf'
'Invoking: ARM v7 gcc linker'
arm-none-eabi-gcc -mcpu=cortex-a9 -mfpu=vfpv3 -mfloat-abi=hard -Wl,-build-id=none -specs=Xilinx.spec -Wl,-T -Wl,../src/lscript.ld -L../../uart_counter_bsp/ps7_cortexa9_0/lib -o "uart_counter.elf"  ./src/counter.o   -Wl,--start-group,-lxil,-lgcc,-lc,--end-group
'Finished building target: uart_counter.elf'
' '
'Invoking: ARM v7 Print Size'
arm-none-eabi-size uart_counter.elf  |tee "uart_counter.elf.size"
   text	   data	    bss	    dec	    hex	filename
  22920	   1144	  22568	  46632	   b628	uart_counter.elf
'Finished building: uart_counter.elf.size'
' '
17:53:47 **** Incremental Build of configuration Debug for project uart_counter ****
make pre-build main-build 
a9-linaro-pre-build-step
' '
make: Nothing to be done for `main-build'.
17:55:53 **** Auto Build of configuration Debug for project uart_counter ****
make pre-build main-build 
a9-linaro-pre-build-step
' '
'Building file: ../src/counter.c'
'Invoking: ARM v7 gcc compiler'
arm-none-eabi-gcc -Wall -O0 -g3 -c -fmessage-length=0 -MT"src/counter.o" -mcpu=cortex-a9 -mfpu=vfpv3 -mfloat-abi=hard -I../../uart_counter_bsp/ps7_cortexa9_0/include -MMD -MP -MF"src/counter.d" -MT"src/counter.o" -o "src/counter.o" "../src/counter.c"
'Finished building: ../src/counter.c'
' '
'Building target: uart_counter.elf'
'Invoking: ARM v7 gcc linker'
arm-none-eabi-gcc -mcpu=cortex-a9 -mfpu=vfpv3 -mfloat-abi=hard -Wl,-build-id=none -specs=Xilinx.spec -Wl,-T -Wl,../src/lscript.ld -L../../uart_counter_bsp/ps7_cortexa9_0/lib -o "uart_counter.elf"  ./src/counter.o   -Wl,--start-group,-lxil,-lgcc,-lc,--end-group
'Finished building target: uart_counter.elf'
' '
'Invoking: ARM v7 Print Size'
arm-none-eabi-size uart_counter.elf  |tee "uart_counter.elf.size"
   text	   data	    bss	    dec	    hex	filename
  22924	   1144	  22568	  46636	   b62c	uart_counter.elf
'Finished building: uart_counter.elf.size'
' '
17:55:54 **** Incremental Build of configuration Debug for project uart_counter ****
make pre-build main-build 
a9-linaro-pre-build-step
' '
make: Nothing to be done for `main-build'.
17:56:20 **** Auto Build of configuration Debug for project uart_counter ****
make pre-build main-build 
a9-linaro-pre-build-step
' '
'Building file: ../src/counter.c'
'Invoking: ARM v7 gcc compiler'
arm-none-eabi-gcc -Wall -O0 -g3 -c -fmessage-length=0 -MT"src/counter.o" -mcpu=cortex-a9 -mfpu=vfpv3 -mfloat-abi=hard -I../../uart_counter_bsp/ps7_cortexa9_0/include -MMD -MP -MF"src/counter.d" -MT"src/counter.o" -o "src/counter.o" "../src/counter.c"
'Finished building: ../src/counter.c'
' '
'Building target: uart_counter.elf'
'Invoking: ARM v7 gcc linker'
arm-none-eabi-gcc -mcpu=cortex-a9 -mfpu=vfpv3 -mfloat-abi=hard -Wl,-build-id=none -specs=Xilinx.spec -Wl,-T -Wl,../src/lscript.ld -L../../uart_counter_bsp/ps7_cortexa9_0/lib -o "uart_counter.elf"  ./src/counter.o   -Wl,--start-group,-lxil,-lgcc,-lc,--end-group
'Finished building target: uart_counter.elf'
' '
'Invoking: ARM v7 Print Size'
arm-none-eabi-size uart_counter.elf  |tee "uart_counter.elf.size"
   text	   data	    bss	    dec	    hex	filename
  22928	   1144	  22568	  46640	   b630	uart_counter.elf
'Finished building: uart_counter.elf.size'
' '
17:58:05 **** Auto Build of configuration Debug for project uart_counter ****
make pre-build main-build 
a9-linaro-pre-build-step
' '
'Building file: ../src/counter.c'
'Invoking: ARM v7 gcc compiler'
arm-none-eabi-gcc -Wall -O0 -g3 -c -fmessage-length=0 -MT"src/counter.o" -mcpu=cortex-a9 -mfpu=vfpv3 -mfloat-abi=hard -I../../uart_counter_bsp/ps7_cortexa9_0/include -MMD -MP -MF"src/counter.d" -MT"src/counter.o" -o "src/counter.o" "../src/counter.c"
../src/counter.c: In function 'main':
../src/counter.c:30:2: warning: implicit declaration of function 'counter_init' [-Wimplicit-function-declaration]
  counter_init();
  ^~~~~~~~~~~~
../src/counter.c:33:2: warning: implicit declaration of function 'print_welcome' [-Wimplicit-function-declaration]
  print_welcome();
  ^~~~~~~~~~~~~
../src/counter.c: At top level:
../src/counter.c:93:6: warning: conflicting types for 'print_welcome'
 void print_welcome(void){
      ^~~~~~~~~~~~~
../src/counter.c:33:2: note: previous implicit declaration of 'print_welcome' was here
  print_welcome();
  ^~~~~~~~~~~~~
'Finished building: ../src/counter.c'
' '
'Building target: uart_counter.elf'
'Invoking: ARM v7 gcc linker'
arm-none-eabi-gcc -mcpu=cortex-a9 -mfpu=vfpv3 -mfloat-abi=hard -Wl,-build-id=none -specs=Xilinx.spec -Wl,-T -Wl,../src/lscript.ld -L../../uart_counter_bsp/ps7_cortexa9_0/lib -o "uart_counter.elf"  ./src/counter.o   -Wl,--start-group,-lxil,-lgcc,-lc,--end-group
./src/counter.o: In function `main':
C:\Users\chris\Documents\FPGA\TP_contador_uart\TP_counter_uart_ip\TP_counter_uart_ip\TP_counter_uart_ip.sdk\uart_counter\Debug/../src/counter.c:30: undefined reference to `counter_init'
collect2.exe: error: ld returned 1 exit status
make: *** [uart_counter.elf] Error 1
17:59:12 **** Auto Build of configuration Debug for project uart_counter ****
make pre-build main-build 
a9-linaro-pre-build-step
' '
'Building file: ../src/counter.c'
'Invoking: ARM v7 gcc compiler'
arm-none-eabi-gcc -Wall -O0 -g3 -c -fmessage-length=0 -MT"src/counter.o" -mcpu=cortex-a9 -mfpu=vfpv3 -mfloat-abi=hard -I../../uart_counter_bsp/ps7_cortexa9_0/include -MMD -MP -MF"src/counter.d" -MT"src/counter.o" -o "src/counter.o" "../src/counter.c"
'Finished building: ../src/counter.c'
' '
'Building target: uart_counter.elf'
'Invoking: ARM v7 gcc linker'
arm-none-eabi-gcc -mcpu=cortex-a9 -mfpu=vfpv3 -mfloat-abi=hard -Wl,-build-id=none -specs=Xilinx.spec -Wl,-T -Wl,../src/lscript.ld -L../../uart_counter_bsp/ps7_cortexa9_0/lib -o "uart_counter.elf"  ./src/counter.o   -Wl,--start-group,-lxil,-lgcc,-lc,--end-group
'Finished building target: uart_counter.elf'
' '
'Invoking: ARM v7 Print Size'
arm-none-eabi-size uart_counter.elf  |tee "uart_counter.elf.size"
   text	   data	    bss	    dec	    hex	filename
  22992	   1144	  22568	  46704	   b670	uart_counter.elf
'Finished building: uart_counter.elf.size'
' '
17:59:36 **** Auto Build of configuration Debug for project uart_counter ****
make pre-build main-build 
a9-linaro-pre-build-step
' '
'Building file: ../src/counter.c'
'Invoking: ARM v7 gcc compiler'
arm-none-eabi-gcc -Wall -O0 -g3 -c -fmessage-length=0 -MT"src/counter.o" -mcpu=cortex-a9 -mfpu=vfpv3 -mfloat-abi=hard -I../../uart_counter_bsp/ps7_cortexa9_0/include -MMD -MP -MF"src/counter.d" -MT"src/counter.o" -o "src/counter.o" "../src/counter.c"
'Finished building: ../src/counter.c'
' '
'Building target: uart_counter.elf'
'Invoking: ARM v7 gcc linker'
arm-none-eabi-gcc -mcpu=cortex-a9 -mfpu=vfpv3 -mfloat-abi=hard -Wl,-build-id=none -specs=Xilinx.spec -Wl,-T -Wl,../src/lscript.ld -L../../uart_counter_bsp/ps7_cortexa9_0/lib -o "uart_counter.elf"  ./src/counter.o   -Wl,--start-group,-lxil,-lgcc,-lc,--end-group
'Finished building target: uart_counter.elf'
' '
'Invoking: ARM v7 Print Size'
arm-none-eabi-size uart_counter.elf  |tee "uart_counter.elf.size"
   text	   data	    bss	    dec	    hex	filename
  22992	   1144	  22568	  46704	   b670	uart_counter.elf
'Finished building: uart_counter.elf.size'
' '
17:59:43 **** Incremental Build of configuration Debug for project uart_counter ****
make pre-build main-build 
a9-linaro-pre-build-step
' '
make: Nothing to be done for `main-build'.
18:04:24 **** Auto Build of configuration Debug for project uart_counter ****
make pre-build main-build 
a9-linaro-pre-build-step
' '
'Building file: ../src/counter.c'
'Invoking: ARM v7 gcc compiler'
arm-none-eabi-gcc -Wall -O0 -g3 -c -fmessage-length=0 -MT"src/counter.o" -mcpu=cortex-a9 -mfpu=vfpv3 -mfloat-abi=hard -I../../uart_counter_bsp/ps7_cortexa9_0/include -MMD -MP -MF"src/counter.d" -MT"src/counter.o" -o "src/counter.o" "../src/counter.c"
'Finished building: ../src/counter.c'
' '
'Building target: uart_counter.elf'
'Invoking: ARM v7 gcc linker'
arm-none-eabi-gcc -mcpu=cortex-a9 -mfpu=vfpv3 -mfloat-abi=hard -Wl,-build-id=none -specs=Xilinx.spec -Wl,-T -Wl,../src/lscript.ld -L../../uart_counter_bsp/ps7_cortexa9_0/lib -o "uart_counter.elf"  ./src/counter.o   -Wl,--start-group,-lxil,-lgcc,-lc,--end-group
'Finished building target: uart_counter.elf'
' '
'Invoking: ARM v7 Print Size'
arm-none-eabi-size uart_counter.elf  |tee "uart_counter.elf.size"
   text	   data	    bss	    dec	    hex	filename
  22992	   1144	  22568	  46704	   b670	uart_counter.elf
'Finished building: uart_counter.elf.size'
' '
18:05:59 **** Incremental Build of configuration Debug for project uart_counter ****
make pre-build main-build 
a9-linaro-pre-build-step
' '
make: Nothing to be done for `main-build'.
